<html>
<body>
<pre>
<h1>µVision Build Log</h1>
<h2>Tool Versions:</h2>
IDE-Version: ¦ÌVision V5.24.2.0
Copyright (C) 2017 ARM Ltd and ARM Germany GmbH. All rights reserved.
License Information: a adim, a, LIC=FYKYW-Q2HW5-WFJI7-EG0F7-2NW0R-SBAXS
 
Tool Versions:
Toolchain:       MDK-ARM Plus  Version: 5.24.1
Toolchain Path:  D:\Keil5\ARM\ARMCC\Bin
C Compiler:      Armcc.exe V5.06 update 5 (build 528)
Assembler:       Armasm.exe V5.06 update 5 (build 528)
Linker/Locator:  ArmLink.exe V5.06 update 5 (build 528)
Library Manager: ArmAr.exe V5.06 update 5 (build 528)
Hex Converter:   FromElf.exe V5.06 update 5 (build 528)
CPU DLL:         SARMCM3.DLL V5.24.1
Dialog DLL:      DCM.DLL V1.16.0.0
Target DLL:      Segger\JL2CM3.dll V2.99.26.0
Dialog DLL:      TCM.DLL V1.32.0.0
 
<h2>Project:</h2>
D:\RoboMaster\RM-CUBEMX\GQ_Motor_test\GQ_Motor_test\MDK-ARM\GQ_Motor_test.uvprojx
Project File Date:  05/19/2025

<h2>Output:</h2>
*** Using Compiler 'V5.06 update 5 (build 528)', folder: 'D:\Keil5\ARM\ARMCC\Bin'
Build target 'GQ_Motor_test'
compiling main.c...
../Core/Src/main.c(70): warning:  #177-D: variable "ticks"  was declared but never referenced
    uint32_t ticks = 0;
../Core/Src/main.c(71): warning:  #177-D: variable "tick_1"  was declared but never referenced
    uint32_t tick_1 = 0;
../Core/Src/main.c(72): warning:  #177-D: variable "cnt"  was declared but never referenced
    uint8_t cnt = 0;
../Core/Src/main.c(73): warning:  #177-D: variable "vel"  was declared but never referenced
    int vel = 500;
../Core/Src/main.c(74): warning:  #177-D: variable "pos"  was declared but never referenced
    int pos = 0;
../Core/Src/main.c(98): warning:  #177-D: variable "Send_Data"  was declared but never referenced
    uint8_t Send_Data = 0;
../Core/Src/main.c: 6 warnings, 0 errors
linking...
Program Size: Code=7478 RO-data=450 RW-data=40 ZI-data=1840  
FromELF: creating hex file...
"GQ_Motor_test\GQ_Motor_test.axf" - 0 Error(s), 6 Warning(s).

<h2>Software Packages used:</h2>

Package Vendor: ARM
                http://www.keil.com/pack/ARM.CMSIS.5.0.1.pack
                ARM.CMSIS.5.0.1
                CMSIS (Cortex Microcontroller Software Interface Standard)
   * Component: CORE Version: 5.0.1

Package Vendor: Keil
                https://www.keil.com/pack/Keil.STM32F4xx_DFP.2.17.1.pack
                Keil.STM32F4xx_DFP.2.17.1
                STMicroelectronics STM32F4 Series Device Support, Drivers and Examples

<h2>Collection of Component include folders:</h2>
  .\RTE\_GQ_Motor_test
  D:\Keil5\ARM\CMSIS\5.0.1\CMSIS\Include
  D:\Keil5\Keil\STM32F4xx_DFP\2.17.1\Drivers\CMSIS\Device\ST\STM32F4xx\Include

<h2>Collection of Component Files used:</h2>

   * Component: ARM::CMSIS:CORE:5.0.1
Build Time Elapsed:  00:00:03
</pre>
</body>
</html>
